============================= test session starts =============================
platform win32 -- Python 3.13.5, pytest-8.3.4, pluggy-1.5.0
rootdir: C:\Users\AIGCG\Desktop\RoSP\ai-sales-mvp\backend
plugins: anyio-4.9.0, langsmith-0.5.1
collected 1 item / 3 errors

=================================== ERRORS ====================================
_______________ ERROR collecting tests/test_azure_cognitive.py ________________
ImportError while importing test module 'C:\Users\AIGCG\Desktop\RoSP\ai-sales-mvp\backend\tests\test_azure_cognitive.py'.
Hint: make sure your test modules/packages have valid Python names.
Traceback:
D:\Anaconda\Lib\importlib\__init__.py:88: in import_module
    return _bootstrap._gcd_import(name[level:], package, level)
tests\test_azure_cognitive.py:3: in <module>
    from core.azure_cognitive import AzureCognitiveService
core\azure_cognitive.py:1: in <module>
    from azure.ai.textanalytics import TextAnalyticsClient
E   ModuleNotFoundError: No module named 'azure'
_________________ ERROR collecting tests/test_azure_routes.py _________________
tests\test_azure_routes.py:3: in <module>
    from main import app
main.py:14: in <module>
    from database import get_db, Base, engine
database.py:6: in <module>
    settings = get_settings()
config.py:32: in get_settings
    return Settings()
D:\Anaconda\Lib\site-packages\pydantic_settings\main.py:167: in __init__
    super().__init__(
E   pydantic_core._pydantic_core.ValidationError: 10 validation errors for Settings
E   demo_mode
E     Extra inputs are not permitted [type=extra_forbidden, input_value='true', input_type=str]
E       For further information visit https://errors.pydantic.dev/2.12/v/extra_forbidden
E   azure_openai_key
E     Extra inputs are not permitted [type=extra_forbidden, input_value='DEMO_KEY_NOT_USED', input_type=str]
E       For further information visit https://errors.pydantic.dev/2.12/v/extra_forbidden
E   azure_openai_endpoint
E     Extra inputs are not permitted [type=extra_forbidden, input_value='https://demo.openai.azure.com', input_type=str]
E       For further information visit https://errors.pydantic.dev/2.12/v/extra_forbidden
E   azure_openai_deployment
E     Extra inputs are not permitted [type=extra_forbidden, input_value='gpt-4-turbo', input_type=str]
E       For further information visit https://errors.pydantic.dev/2.12/v/extra_forbidden
E   azure_openai_api_version
E     Extra inputs are not permitted [type=extra_forbidden, input_value='2024-02-15-preview', input_type=str]
E       For further information visit https://errors.pydantic.dev/2.12/v/extra_forbidden
E   azure_search_endpoint
E     Extra inputs are not permitted [type=extra_forbidden, input_value='https://demo.search.windows.net', input_type=str]
E       For further information visit https://errors.pydantic.dev/2.12/v/extra_forbidden
E   azure_search_key
E     Extra inputs are not permitted [type=extra_forbidden, input_value='DEMO_KEY_NOT_USED', input_type=str]
E       For further information visit https://errors.pydantic.dev/2.12/v/extra_forbidden
E   azure_search_index
E     Extra inputs are not permitted [type=extra_forbidden, input_value='globot-knowledge', input_type=str]
E       For further information visit https://errors.pydantic.dev/2.12/v/extra_forbidden
E   azure_cognitive_key
E     Extra inputs are not permitted [type=extra_forbidden, input_value='DEMO_KEY_NOT_USED', input_type=str]
E       For further information visit https://errors.pydantic.dev/2.12/v/extra_forbidden
E   azure_cognitive_endpoint
E     Extra inputs are not permitted [type=extra_forbidden, input_value='https://eastus.api.cognitive.microsoft.com/', input_type=str]
E       For further information visit https://errors.pydantic.dev/2.12/v/extra_forbidden
_________________ ERROR collecting tests/test_azure_search.py _________________
ImportError while importing test module 'C:\Users\AIGCG\Desktop\RoSP\ai-sales-mvp\backend\tests\test_azure_search.py'.
Hint: make sure your test modules/packages have valid Python names.
Traceback:
D:\Anaconda\Lib\importlib\__init__.py:88: in import_module
    return _bootstrap._gcd_import(name[level:], package, level)
tests\test_azure_search.py:3: in <module>
    from core.azure_search import AzureAISearchService
core\azure_search.py:1: in <module>
    from azure.search.documents import SearchClient
E   ModuleNotFoundError: No module named 'azure'
============================== warnings summary ===============================
tests\test_azure_llm.py:5
  C:\Users\AIGCG\Desktop\RoSP\ai-sales-mvp\backend\tests\test_azure_llm.py:5: PytestUnknownMarkWarning: Unknown pytest.mark.asyncio - is this a typo?  You can register custom marks to avoid this warning - for details, see https://docs.pytest.org/en/stable/how-to/mark.html
    @pytest.mark.asyncio

config.py:4
  C:\Users\AIGCG\Desktop\RoSP\ai-sales-mvp\backend\config.py:4: PydanticDeprecatedSince20: Support for class-based `config` is deprecated, use ConfigDict instead. Deprecated in Pydantic V2.0 to be removed in V3.0. See Pydantic V2 Migration Guide at https://errors.pydantic.dev/2.12/migration/
    class Settings(BaseSettings):

-- Docs: https://docs.pytest.org/en/stable/how-to/capture-warnings.html
=========================== short test summary info ===========================
ERROR tests/test_azure_cognitive.py
ERROR tests/test_azure_routes.py - pydantic_core._pydantic_core.ValidationErr...
ERROR tests/test_azure_search.py
!!!!!!!!!!!!!!!!!!! Interrupted: 3 errors during collection !!!!!!!!!!!!!!!!!!!
======================== 2 warnings, 3 errors in 2.19s ========================
